// Jest Snapshot v1, https://goo.gl/fbAQLP

exports[`DataTable renders 1`] = `
<div>
  <table
    class="table-0-2-2 table-d0-0-2-5"
  >
    <thead>
      <tr>
        <th
          class="tableHeader-0-2-4 tableHeader-d5-0-2-10"
          colspan="1"
          rowspan="1"
        >
          Strings
           
        </th>
        <th
          class="tableHeader-0-2-4 tableHeader-d8-0-2-13"
          colspan="1"
          rowspan="1"
        >
          Numbers
           
        </th>
        <th
          class="tableHeader-0-2-4 tableHeader-d11-0-2-16"
          colspan="1"
          rowspan="1"
        >
          Dates
           
        </th>
      </tr>
    </thead>
    <tbody>
      <tr>
        <td
          class="tableData-0-2-3 tableData-d13-0-2-18"
          colspan="1"
          rowspan="1"
        >
          a
        </td>
        <td
          class="tableData-0-2-3 tableData-d16-0-2-21"
          colspan="1"
          rowspan="1"
        >
          1
        </td>
        <td
          class="tableData-0-2-3 tableData-d19-0-2-24"
          colspan="1"
          rowspan="1"
        >
          Fri Jan 01 2021
        </td>
      </tr>
      <tr>
        <td
          class="tableData-0-2-3 tableData-d22-0-2-27"
          colspan="1"
          rowspan="1"
        >
          b
        </td>
        <td
          class="tableData-0-2-3 tableData-d25-0-2-30"
          colspan="1"
          rowspan="1"
        >
          2
        </td>
        <td
          class="tableData-0-2-3 tableData-d28-0-2-33"
          colspan="1"
          rowspan="1"
        >
          Mon Feb 01 2021
        </td>
      </tr>
      <tr>
        <td
          class="tableData-0-2-3 tableData-d31-0-2-36"
          colspan="1"
          rowspan="1"
        >
          c
        </td>
        <td
          class="tableData-0-2-3 tableData-d34-0-2-39"
          colspan="1"
          rowspan="1"
        >
          3
        </td>
        <td
          class="tableData-0-2-3 tableData-d37-0-2-42"
          colspan="1"
          rowspan="1"
        >
          Mon Mar 01 2021
        </td>
      </tr>
    </tbody>
  </table>
</div>
`;
