// Jest Snapshot v1, https://goo.gl/fbAQLP

exports[`Row renders 1`] = `
<div>
  <table
    class="table_1yarp85"
  >
    <thead>
      <tr>
        <th
          class=""
          colspan="1"
          rowspan="1"
        >
          Name
        </th>
        <th
          class=""
          colspan="1"
          rowspan="1"
        >
          Salary
        </th>
      </tr>
    </thead>
    <tbody>
      <tr>
        <td
          class="tableData_10e23z7"
          colspan="1"
          rowspan="1"
        >
          Joe
        </td>
        <td
          class="tableData_10e23z7"
          colspan="1"
          rowspan="1"
        >
          $100
        </td>
      </tr>
      <tr>
        <td
          class="tableData_10e23z7"
          colspan="1"
          rowspan="1"
        >
          Jane
        </td>
        <td
          class="tableData_10e23z7"
          colspan="1"
          rowspan="1"
        >
          $150
        </td>
      </tr>
    </tbody>
  </table>
</div>
`;
